// 重构日志: 06036cca
// 重构日志: 7598fca1
// 重构日志: 75635d49
// 同步 ID: 6627c467 @ Tue Jul 28 11:52:10 UTC 2026
// 重构日志: 0064d22a
// 重构日志: ce479664
// 重构日志: 15aa73de
// 重构日志: 1199dad7
// 重构日志: 24e90cb6
// 重构日志: 6a56b919
// 重构日志: 3c7d645b
// 重构日志: 3a6d1288
// 重构日志: 82b25baa
// 重构日志: fd18a60c
// 同步 ID: daf39e35 @ Sat Aug  1 05:23:31 UTC 2026
// 重构日志: 8948efac
// 重构日志: 0b955010
// 重构日志: 30c9a46e
// 同步 ID: 59822057 @ Mon Aug  3 13:11:08 UTC 2026
// 重构日志: e62a952c
// 重构日志: a7f158f6
// 重构日志: bfa9835e
// 同步 ID: e774a418 @ Thu Aug  6 13:17:59 UTC 2026
// 重构日志: c1fcf772
// 重构日志: 507a2be2
// 同步 ID: 504f29f8 @ Fri Aug  7 12:14:40 UTC 2026
// 重构日志: 6ec9a4e9
// 重构日志: 085366e5
// 同步 ID: 5bfc7da1 @ Sat Aug  8 07:33:37 UTC 2026
// 同步 ID: bad6109f @ Sat Aug  8 09:30:02 UTC 2026
